Archive member included because of file (symbol)

F:\Avr\AtomTrace\atomthreads-avr\lib\libatomthreads-avr.a(atomport.o)
                              startup_os.o (avrInitSystemTickTimer)
F:\Avr\AtomTrace\atomthreads-avr\lib\libatomthreads-avr.a(StopWatch.o)
                              startup_os.o (InitWatch)
F:\Avr\AtomTrace\atomthreads-avr\lib\libatomthreads-avr.a(SerialPort.o)
                              startup_os.o (USART_Init)
F:\Avr\AtomTrace\atomthreads-avr\lib\libatomthreads-avr.a(atomkernel.o)
                              F:\Avr\AtomTrace\atomthreads-avr\lib\libatomthreads-avr.a(atomport.o) (atomIntEnter)
F:\Avr\AtomTrace\atomthreads-avr\lib\libatomthreads-avr.a(atommutex.o)
                              uart.o (atomMutexPut)
F:\Avr\AtomTrace\atomthreads-avr\lib\libatomthreads-avr.a(atomtimer.o)
                              F:\Avr\AtomTrace\atomthreads-avr\lib\libatomthreads-avr.a(atommutex.o) (atomTimerRegister)
F:\Avr\AtomTrace\atomthreads-avr\lib\libatomthreads-avr.a(Tracer.o)
                              F:\Avr\AtomTrace\atomthreads-avr\lib\libatomthreads-avr.a(atomkernel.o) (TaskCreated)
F:\Avr\AtomTrace\atomthreads-avr\lib\libatomthreads-avr.a(SerialManager.o)
                              EventSender.o (uart_print)
F:\Avr\AtomTrace\atomthreads-avr\lib\libatomthreads-avr.a(atomport-asm.o)
                              F:\Avr\AtomTrace\atomthreads-avr\lib\libatomthreads-avr.a(atomkernel.o) (archContextSwitch)
c:/winavr-20100110/bin/../lib/gcc/avr/4.3.3/avr6\libgcc.a(_mulsi3.o)
                              F:\Avr\AtomTrace\atomthreads-avr\lib\libatomthreads-avr.a(StopWatch.o) (__mulsi3)
c:/winavr-20100110/bin/../lib/gcc/avr/4.3.3/avr6\libgcc.a(_udivmodqi4.o)
                              clock_disp.o (__udivmodqi4)
c:/winavr-20100110/bin/../lib/gcc/avr/4.3.3/avr6\libgcc.a(_divmodhi4.o)
                              F:\Avr\AtomTrace\atomthreads-avr\lib\libatomthreads-avr.a(Tracer.o) (__divmodhi4)
c:/winavr-20100110/bin/../lib/gcc/avr/4.3.3/avr6\libgcc.a(_udivmodsi4.o)
                              uart.o (__udivmodsi4)
c:/winavr-20100110/bin/../lib/gcc/avr/4.3.3/avr6\libgcc.a(_exit.o)
                              c:/winavr-20100110/bin/../lib/gcc/avr/4.3.3/../../../../avr/lib/avr6/crtm2560.o (exit)
c:/winavr-20100110/bin/../lib/gcc/avr/4.3.3/avr6\libgcc.a(_clear_bss.o)
                              startup_os.o (__do_clear_bss)
c:/winavr-20100110/bin/../lib/gcc/avr/4.3.3/avr6\libgcc.a(_udivmodhi4.o)
                              c:/winavr-20100110/bin/../lib/gcc/avr/4.3.3/avr6\libgcc.a(_divmodhi4.o) (__udivmodhi4)
c:/winavr-20100110/bin/../lib/gcc/avr/4.3.3/../../../../avr/lib/avr6\libc.a(itoa.o)
                              F:\Avr\AtomTrace\atomthreads-avr\lib\libatomthreads-avr.a(SerialManager.o) (itoa)
c:/winavr-20100110/bin/../lib/gcc/avr/4.3.3/../../../../avr/lib/avr6\libc.a(ltoa.o)
                              F:\Avr\AtomTrace\atomthreads-avr\lib\libatomthreads-avr.a(SerialManager.o) (ltoa)
c:/winavr-20100110/bin/../lib/gcc/avr/4.3.3/../../../../avr/lib/avr6\libc.a(ultoa.o)
                              F:\Avr\AtomTrace\atomthreads-avr\lib\libatomthreads-avr.a(SerialManager.o) (ultoa)
c:/winavr-20100110/bin/../lib/gcc/avr/4.3.3/../../../../avr/lib/avr6\libc.a(iob.o)
                              main_thread.o (__iob)
c:/winavr-20100110/bin/../lib/gcc/avr/4.3.3/../../../../avr/lib/avr6\libc.a(strrev.o)
                              c:/winavr-20100110/bin/../lib/gcc/avr/4.3.3/../../../../avr/lib/avr6\libc.a(itoa.o) (strrev)

Allocating common symbols
Common symbol       size              file

EventNumbers        0x2               startup_os.o
clock_mutex         0x5               main_thread.o
EventIndex          0x2               startup_os.o
lcd_mutex           0x5               main_thread.o
EventBuffer         0x157c            startup_os.o
OldTask             0x2               F:\Avr\AtomTrace\atomthreads-avr\lib\libatomthreads-avr.a(Tracer.o)
ResumedTask         0x2               startup_os.o
TaskBuffer          0x28              F:\Avr\AtomTrace\atomthreads-avr\lib\libatomthreads-avr.a(atomkernel.o)
NewTask             0x2               F:\Avr\AtomTrace\atomthreads-avr\lib\libatomthreads-avr.a(Tracer.o)
__iob               0x6               c:/winavr-20100110/bin/../lib/gcc/avr/4.3.3/../../../../avr/lib/avr6\libc.a(iob.o)

Memory Configuration

Name             Origin             Length             Attributes
text             0x00000000         0x00100000         xr
data             0x00800200         0x0000fe00         rw !x
eeprom           0x00810000         0x00010000         rw !x
fuse             0x00820000         0x00000400         rw !x
lock             0x00830000         0x00000400         rw !x
signature        0x00840000         0x00000400         rw !x
*default*        0x00000000         0xffffffff

Linker script and memory map

Address of section .data set to 0x800200
LOAD c:/winavr-20100110/bin/../lib/gcc/avr/4.3.3/../../../../avr/lib/avr6/crtm2560.o
LOAD startup_os.o
LOAD uart.o
LOAD main_thread.o
LOAD clock_disp.o
LOAD graphics_thread.o
LOAD st7565r.o
LOAD clock_update.o
LOAD button.o
LOAD EventSender.o
LOAD F:\Avr\AtomTrace\atomthreads-avr\lib\libatomthreads-avr.a
LOAD c:/winavr-20100110/bin/../lib/gcc/avr/4.3.3/avr6\libgcc.a
LOAD c:/winavr-20100110/bin/../lib/gcc/avr/4.3.3/../../../../avr/lib/avr6\libc.a
LOAD c:/winavr-20100110/bin/../lib/gcc/avr/4.3.3/avr6\libgcc.a

.hash
 *(.hash)

.dynsym
 *(.dynsym)

.dynstr
 *(.dynstr)

.gnu.version
 *(.gnu.version)

.gnu.version_d
 *(.gnu.version_d)

.gnu.version_r
 *(.gnu.version_r)

.rel.init
 *(.rel.init)

.rela.init
 *(.rela.init)

.rel.text
 *(.rel.text)
 *(.rel.text.*)
 *(.rel.gnu.linkonce.t*)

.rela.text
 *(.rela.text)
 *(.rela.text.*)
 *(.rela.gnu.linkonce.t*)

.rel.fini
 *(.rel.fini)

.rela.fini
 *(.rela.fini)

.rel.rodata
 *(.rel.rodata)
 *(.rel.rodata.*)
 *(.rel.gnu.linkonce.r*)

.rela.rodata
 *(.rela.rodata)
 *(.rela.rodata.*)
 *(.rela.gnu.linkonce.r*)

.rel.data
 *(.rel.data)
 *(.rel.data.*)
 *(.rel.gnu.linkonce.d*)

.rela.data
 *(.rela.data)
 *(.rela.data.*)
 *(.rela.gnu.linkonce.d*)

.rel.ctors
 *(.rel.ctors)

.rela.ctors
 *(.rela.ctors)

.rel.dtors
 *(.rel.dtors)

.rela.dtors
 *(.rela.dtors)

.rel.got
 *(.rel.got)

.rela.got
 *(.rela.got)

.rel.bss
 *(.rel.bss)

.rela.bss
 *(.rela.bss)

.rel.plt
 *(.rel.plt)

.rela.plt
 *(.rela.plt)

.text           0x00000000     0x1f9e
 *(.vectors)
 .vectors       0x00000000       0xe4 c:/winavr-20100110/bin/../lib/gcc/avr/4.3.3/../../../../avr/lib/avr6/crtm2560.o
                0x00000000                __vectors
 *(.vectors)
 *(.progmem.gcc*)
 *(.progmem*)
                0x000000e4                . = ALIGN (0x2)
                0x000000e4                __trampolines_start = .
 *(.trampolines)
 .trampolines   0x000000e4        0x0 linker stubs
 *(.trampolines*)
                0x000000e4                __trampolines_end = .
 *(.jumptables)
 *(.jumptables*)
 *(.lowtext)
 *(.lowtext*)
                0x000000e4                __ctors_start = .
 *(.ctors)
                0x000000e4                __ctors_end = .
                0x000000e4                __dtors_start = .
 *(.dtors)
                0x000000e4                __dtors_end = .
 SORT(*)(.ctors)
 SORT(*)(.dtors)
 *(.init0)
 .init0         0x000000e4        0x0 c:/winavr-20100110/bin/../lib/gcc/avr/4.3.3/../../../../avr/lib/avr6/crtm2560.o
                0x000000e4                __init
 *(.init0)
 *(.init1)
 *(.init1)
 *(.init2)
 .init2         0x000000e4       0x10 c:/winavr-20100110/bin/../lib/gcc/avr/4.3.3/../../../../avr/lib/avr6/crtm2560.o
 *(.init2)
 *(.init3)
 *(.init3)
 *(.init4)
 .init4         0x000000f4       0x1a c:/winavr-20100110/bin/../lib/gcc/avr/4.3.3/../../../../avr/lib/avr6/crtm2560.o
                0x000000f4                __do_copy_data
 .init4         0x0000010e       0x10 c:/winavr-20100110/bin/../lib/gcc/avr/4.3.3/avr6\libgcc.a(_clear_bss.o)
                0x0000010e                __do_clear_bss
 *(.init4)
 *(.init5)
 *(.init5)
 *(.init6)
 *(.init6)
 *(.init7)
 *(.init7)
 *(.init8)
 *(.init8)
 *(.init9)
 .init9         0x0000011e        0x8 c:/winavr-20100110/bin/../lib/gcc/avr/4.3.3/../../../../avr/lib/avr6/crtm2560.o
 *(.init9)
 *(.text)
 .text          0x00000126        0x4 c:/winavr-20100110/bin/../lib/gcc/avr/4.3.3/../../../../avr/lib/avr6/crtm2560.o
                0x00000126                __vector_38
                0x00000126                __vector_22
                0x00000126                __vector_28
                0x00000126                __vector_1
                0x00000126                __vector_32
                0x00000126                __vector_34
                0x00000126                __vector_24
                0x00000126                __vector_12
                0x00000126                __vector_55
                0x00000126                __vector_46
                0x00000126                __bad_interrupt
                0x00000126                __vector_6
                0x00000126                __vector_31
                0x00000126                __vector_39
                0x00000126                __vector_3
                0x00000126                __vector_23
                0x00000126                __vector_30
                0x00000126                __vector_45
                0x00000126                __vector_25
                0x00000126                __vector_11
                0x00000126                __vector_54
                0x00000126                __vector_13
                0x00000126                __vector_19
                0x00000126                __vector_56
                0x00000126                __vector_7
                0x00000126                __vector_49
                0x00000126                __vector_41
                0x00000126                __vector_43
                0x00000126                __vector_27
                0x00000126                __vector_5
                0x00000126                __vector_33
                0x00000126                __vector_47
                0x00000126                __vector_52
                0x00000126                __vector_37
                0x00000126                __vector_4
                0x00000126                __vector_44
                0x00000126                __vector_51
                0x00000126                __vector_9
                0x00000126                __vector_2
                0x00000126                __vector_21
                0x00000126                __vector_15
                0x00000126                __vector_36
                0x00000126                __vector_29
                0x00000126                __vector_40
                0x00000126                __vector_8
                0x00000126                __vector_26
                0x00000126                __vector_48
                0x00000126                __vector_14
                0x00000126                __vector_53
                0x00000126                __vector_10
                0x00000126                __vector_50
                0x00000126                __vector_16
                0x00000126                __vector_18
                0x00000126                __vector_20
                0x00000126                __vector_42
 .text          0x0000012a       0x80 startup_os.o
                0x0000012a                main
 .text          0x000001aa       0x8e uart.o
                0x000001f4                uart_init
                0x000001aa                uart_putchar
 .text          0x00000238       0xf8 main_thread.o
                0x00000238                main_thread_func
 .text          0x00000330       0xe6 clock_disp.o
                0x00000330                clock_disp_func
 .text          0x00000416       0x70 graphics_thread.o
                0x00000416                graphics_thread_func
 .text          0x00000486      0x3f6 st7565r.o
                0x0000081e                lcd_moveto
                0x00000512                lcd_write
                0x00000572                show_icon
                0x000007da                lcd_putc
                0x0000054e                lcd_read
                0x00000486                lcd_background_light
                0x0000084a                lcd_clear
                0x0000056e                lcd_status
                0x0000053a                lcd_read_dummy
                0x000004c0                lcd_init
                0x00000498                lcd_cmd
 .text          0x0000087c       0x60 clock_update.o
                0x0000087c                clock_update_func
 .text          0x000008dc      0x154 button.o
                0x00000988                button_thread_func
                0x000008f0                UpdateSec
                0x0000096c                ButtonDown
                0x000008dc                UpdateMin
                0x00000918                Update
                0x00000904                UpdateHour
 .text          0x00000a30      0x3fa EventSender.o
                0x00000a30                ClearTask
                0x00000a40                ClearEvent
                0x00000a5a                SC_fun
 .text          0x00000e2a       0xea F:\Avr\AtomTrace\atomthreads-avr\lib\libatomthreads-avr.a(atomport.o)
                0x00000e68                avrInitSystemTickTimer
                0x00000e2a                archThreadContextInit
                0x00000e96                __vector_17
                0x00000e82                __vector_default
 .text          0x00000f14       0xb6 F:\Avr\AtomTrace\atomthreads-avr\lib\libatomthreads-avr.a(StopWatch.o)
                0x00000f14                __vector_35
                0x00000f7c                GetTime
                0x00000f66                InitWatch
 .text          0x00000fca       0x26 F:\Avr\AtomTrace\atomthreads-avr\lib\libatomthreads-avr.a(SerialPort.o)
                0x00000fca                USART_Init
                0x00000fe0                USART_Transmit
 .text          0x00000ff0      0x3fc F:\Avr\AtomTrace\atomthreads-avr\lib\libatomthreads-avr.a(atomkernel.o)
                0x000012a2                atomIntExit
                0x000012bc                atomThreadCreate
                0x00000ff0                atomIntEnter
                0x00001394                atomOSInit
                0x000010e8                tcbDequeueEntry
                0x000011b0                atomOSStart
                0x0000116a                tcbDequeuePriority
                0x00001024                tcbEnqueuePriority
                0x00001228                atomSched
                0x00001004                atomCurrentContext
                0x000010ac                tcbDequeueHead
 .text          0x000013ec      0x2e6 F:\Avr\AtomTrace\atomthreads-avr\lib\libatomthreads-avr.a(atommutex.o)
                0x000016b6                atomMutexCreate
                0x0000156e                atomMutexGet
                0x000013ec                atomMutexDelete
                0x00001478                atomMutexPut
 .text          0x000016d2      0x22e F:\Avr\AtomTrace\atomthreads-avr\lib\libatomthreads-avr.a(atomtimer.o)
                0x00001844                atomTimerDelay
                0x000016d2                atomTimerRegister
                0x0000171c                atomTimerCancel
                0x0000179a                atomTimerTick
                0x00001788                atomTimeSet
                0x00001776                atomTimeGet
 .text          0x00001900      0x228 F:\Avr\AtomTrace\atomthreads-avr\lib\libatomthreads-avr.a(Tracer.o)
                0x00001900                TaskCreated
                0x0000192e                RecordEvent
                0x00001a2a                MutexCreated
                0x00001b0e                TaskArrived
                0x00001a70                TaskPreempted
                0x00001a18                MutexDeleted
                0x00001a3c                TaskCompleted
                0x00001a56                TaskResumed
                0x000019fe                MutexGetted
                0x000019e4                MutexPutted
 .text          0x00001b28      0x1ca F:\Avr\AtomTrace\atomthreads-avr\lib\libatomthreads-avr.a(SerialManager.o)
                0x00001b48                uart_print
                0x00001b28                SendString
 .text          0x00001cf2       0xac F:\Avr\AtomTrace\atomthreads-avr\lib\libatomthreads-avr.a(atomport-asm.o)
                0x00001d64                archFirstThreadRestore
                0x00001cf2                archContextSwitch
 .text          0x00001d9e        0x0 c:/winavr-20100110/bin/../lib/gcc/avr/4.3.3/avr6\libgcc.a(_mulsi3.o)
 .text          0x00001d9e        0x0 c:/winavr-20100110/bin/../lib/gcc/avr/4.3.3/avr6\libgcc.a(_udivmodqi4.o)
 .text          0x00001d9e        0x0 c:/winavr-20100110/bin/../lib/gcc/avr/4.3.3/avr6\libgcc.a(_divmodhi4.o)
 .text          0x00001d9e        0x0 c:/winavr-20100110/bin/../lib/gcc/avr/4.3.3/avr6\libgcc.a(_udivmodsi4.o)
 .text          0x00001d9e        0x0 c:/winavr-20100110/bin/../lib/gcc/avr/4.3.3/avr6\libgcc.a(_exit.o)
 .text          0x00001d9e        0x0 c:/winavr-20100110/bin/../lib/gcc/avr/4.3.3/avr6\libgcc.a(_clear_bss.o)
 .text          0x00001d9e        0x0 c:/winavr-20100110/bin/../lib/gcc/avr/4.3.3/avr6\libgcc.a(_udivmodhi4.o)
 .text          0x00001d9e        0x0 c:/winavr-20100110/bin/../lib/gcc/avr/4.3.3/../../../../avr/lib/avr6\libc.a(itoa.o)
 .text          0x00001d9e        0x0 c:/winavr-20100110/bin/../lib/gcc/avr/4.3.3/../../../../avr/lib/avr6\libc.a(ltoa.o)
 .text          0x00001d9e        0x0 c:/winavr-20100110/bin/../lib/gcc/avr/4.3.3/../../../../avr/lib/avr6\libc.a(ultoa.o)
 .text          0x00001d9e        0x0 c:/winavr-20100110/bin/../lib/gcc/avr/4.3.3/../../../../avr/lib/avr6\libc.a(iob.o)
 .text          0x00001d9e        0x0 c:/winavr-20100110/bin/../lib/gcc/avr/4.3.3/../../../../avr/lib/avr6\libc.a(strrev.o)
                0x00001d9e                . = ALIGN (0x2)
 *(.text.*)
 .text.libgcc   0x00001d9e       0x3e c:/winavr-20100110/bin/../lib/gcc/avr/4.3.3/avr6\libgcc.a(_mulsi3.o)
                0x00001d9e                __mulsi3
 .text.libgcc   0x00001ddc       0x18 c:/winavr-20100110/bin/../lib/gcc/avr/4.3.3/avr6\libgcc.a(_udivmodqi4.o)
                0x00001ddc                __udivmodqi4
 .text.libgcc   0x00001df4       0x26 c:/winavr-20100110/bin/../lib/gcc/avr/4.3.3/avr6\libgcc.a(_divmodhi4.o)
                0x00001df4                __divmodhi4
                0x00001df4                _div
 .text.libgcc   0x00001e1a       0x44 c:/winavr-20100110/bin/../lib/gcc/avr/4.3.3/avr6\libgcc.a(_udivmodsi4.o)
                0x00001e1a                __udivmodsi4
 .text.libgcc   0x00001e5e        0x0 c:/winavr-20100110/bin/../lib/gcc/avr/4.3.3/avr6\libgcc.a(_exit.o)
 .text.libgcc   0x00001e5e        0x0 c:/winavr-20100110/bin/../lib/gcc/avr/4.3.3/avr6\libgcc.a(_clear_bss.o)
 .text.libgcc   0x00001e5e       0x28 c:/winavr-20100110/bin/../lib/gcc/avr/4.3.3/avr6\libgcc.a(_udivmodhi4.o)
                0x00001e5e                __udivmodhi4
 .text.avr-libc
                0x00001e86       0x42 c:/winavr-20100110/bin/../lib/gcc/avr/4.3.3/../../../../avr/lib/avr6\libc.a(itoa.o)
                0x00001e86                itoa
 .text.avr-libc
                0x00001ec8       0x68 c:/winavr-20100110/bin/../lib/gcc/avr/4.3.3/../../../../avr/lib/avr6\libc.a(ltoa.o)
                0x00001ec8                ltoa
 .text.avr-libc
                0x00001f30       0x4a c:/winavr-20100110/bin/../lib/gcc/avr/4.3.3/../../../../avr/lib/avr6\libc.a(ultoa.o)
                0x00001f30                ultoa
 .text.avr-libc
                0x00001f7a       0x20 c:/winavr-20100110/bin/../lib/gcc/avr/4.3.3/../../../../avr/lib/avr6\libc.a(strrev.o)
                0x00001f7a                strrev
                0x00001f9a                . = ALIGN (0x2)
 *(.fini9)
 .fini9         0x00001f9a        0x0 c:/winavr-20100110/bin/../lib/gcc/avr/4.3.3/avr6\libgcc.a(_exit.o)
                0x00001f9a                exit
                0x00001f9a                _exit
 *(.fini9)
 *(.fini8)
 *(.fini8)
 *(.fini7)
 *(.fini7)
 *(.fini6)
 *(.fini6)
 *(.fini5)
 *(.fini5)
 *(.fini4)
 *(.fini4)
 *(.fini3)
 *(.fini3)
 *(.fini2)
 *(.fini2)
 *(.fini1)
 *(.fini1)
 *(.fini0)
 .fini0         0x00001f9a        0x4 c:/winavr-20100110/bin/../lib/gcc/avr/4.3.3/avr6\libgcc.a(_exit.o)
 *(.fini0)
                0x00001f9e                _etext = .

.data           0x00800200      0x384 load address 0x00001f9e
                0x00800200                PROVIDE (__data_start, .)
 *(.data)
 .data          0x00800200        0x0 c:/winavr-20100110/bin/../lib/gcc/avr/4.3.3/../../../../avr/lib/avr6/crtm2560.o
 .data          0x00800200        0x0 startup_os.o
 .data          0x00800200        0x0 uart.o
 .data          0x00800200        0xe main_thread.o
 .data          0x0080020e        0xf clock_disp.o
 .data          0x0080021d        0x0 graphics_thread.o
 .data          0x0080021d      0x2f8 st7565r.o
 .data          0x00800515        0x0 clock_update.o
 .data          0x00800515        0x0 button.o
 .data          0x00800515       0x6f EventSender.o
 .data          0x00800584        0x0 F:\Avr\AtomTrace\atomthreads-avr\lib\libatomthreads-avr.a(atomport.o)
 .data          0x00800584        0x0 F:\Avr\AtomTrace\atomthreads-avr\lib\libatomthreads-avr.a(StopWatch.o)
 .data          0x00800584        0x0 F:\Avr\AtomTrace\atomthreads-avr\lib\libatomthreads-avr.a(SerialPort.o)
 .data          0x00800584        0x0 F:\Avr\AtomTrace\atomthreads-avr\lib\libatomthreads-avr.a(atomkernel.o)
 .data          0x00800584        0x0 F:\Avr\AtomTrace\atomthreads-avr\lib\libatomthreads-avr.a(atommutex.o)
 .data          0x00800584        0x0 F:\Avr\AtomTrace\atomthreads-avr\lib\libatomthreads-avr.a(atomtimer.o)
 .data          0x00800584        0x0 F:\Avr\AtomTrace\atomthreads-avr\lib\libatomthreads-avr.a(Tracer.o)
 .data          0x00800584        0x0 F:\Avr\AtomTrace\atomthreads-avr\lib\libatomthreads-avr.a(SerialManager.o)
 .data          0x00800584        0x0 F:\Avr\AtomTrace\atomthreads-avr\lib\libatomthreads-avr.a(atomport-asm.o)
 .data          0x00800584        0x0 c:/winavr-20100110/bin/../lib/gcc/avr/4.3.3/avr6\libgcc.a(_mulsi3.o)
 .data          0x00800584        0x0 c:/winavr-20100110/bin/../lib/gcc/avr/4.3.3/avr6\libgcc.a(_udivmodqi4.o)
 .data          0x00800584        0x0 c:/winavr-20100110/bin/../lib/gcc/avr/4.3.3/avr6\libgcc.a(_divmodhi4.o)
 .data          0x00800584        0x0 c:/winavr-20100110/bin/../lib/gcc/avr/4.3.3/avr6\libgcc.a(_udivmodsi4.o)
 .data          0x00800584        0x0 c:/winavr-20100110/bin/../lib/gcc/avr/4.3.3/avr6\libgcc.a(_exit.o)
 .data          0x00800584        0x0 c:/winavr-20100110/bin/../lib/gcc/avr/4.3.3/avr6\libgcc.a(_clear_bss.o)
 .data          0x00800584        0x0 c:/winavr-20100110/bin/../lib/gcc/avr/4.3.3/avr6\libgcc.a(_udivmodhi4.o)
 .data          0x00800584        0x0 c:/winavr-20100110/bin/../lib/gcc/avr/4.3.3/../../../../avr/lib/avr6\libc.a(itoa.o)
 .data          0x00800584        0x0 c:/winavr-20100110/bin/../lib/gcc/avr/4.3.3/../../../../avr/lib/avr6\libc.a(ltoa.o)
 .data          0x00800584        0x0 c:/winavr-20100110/bin/../lib/gcc/avr/4.3.3/../../../../avr/lib/avr6\libc.a(ultoa.o)
 .data          0x00800584        0x0 c:/winavr-20100110/bin/../lib/gcc/avr/4.3.3/../../../../avr/lib/avr6\libc.a(iob.o)
 .data          0x00800584        0x0 c:/winavr-20100110/bin/../lib/gcc/avr/4.3.3/../../../../avr/lib/avr6\libc.a(strrev.o)
 *(.data*)
 *(.rodata)
 *(.rodata*)
 *(.gnu.linkonce.d*)
                0x00800584                . = ALIGN (0x2)
                0x00800584                _edata = .
                0x00800584                PROVIDE (__data_end, .)

.bss            0x00800584     0x1b96
                0x00800584                PROVIDE (__bss_start, .)
 *(.bss)
 .bss           0x00800584        0x0 c:/winavr-20100110/bin/../lib/gcc/avr/4.3.3/../../../../avr/lib/avr6/crtm2560.o
 .bss           0x00800584      0x15d startup_os.o
 .bss           0x008006e1        0x5 uart.o
 .bss           0x008006e6      0x454 main_thread.o
                0x008006e8                g_sec
                0x008006e6                g_hour
                0x008006e7                g_min
 .bss           0x00800b3a        0x0 clock_disp.o
 .bss           0x00800b3a        0x0 graphics_thread.o
 .bss           0x00800b3a        0x0 st7565r.o
 .bss           0x00800b3a        0x0 clock_update.o
 .bss           0x00800b3a        0x0 button.o
 .bss           0x00800b3a        0x0 EventSender.o
 .bss           0x00800b3a        0x0 F:\Avr\AtomTrace\atomthreads-avr\lib\libatomthreads-avr.a(atomport.o)
 .bss           0x00800b3a        0x4 F:\Avr\AtomTrace\atomthreads-avr\lib\libatomthreads-avr.a(StopWatch.o)
 .bss           0x00800b3e        0x0 F:\Avr\AtomTrace\atomthreads-avr\lib\libatomthreads-avr.a(SerialPort.o)
 .bss           0x00800b3e       0x18 F:\Avr\AtomTrace\atomthreads-avr\lib\libatomthreads-avr.a(atomkernel.o)
                0x00800b3e                tcbReadyQ
                0x00800b40                atomOSStarted
 .bss           0x00800b56        0x0 F:\Avr\AtomTrace\atomthreads-avr\lib\libatomthreads-avr.a(atommutex.o)
 .bss           0x00800b56        0x6 F:\Avr\AtomTrace\atomthreads-avr\lib\libatomthreads-avr.a(atomtimer.o)
 .bss           0x00800b5c        0x0 F:\Avr\AtomTrace\atomthreads-avr\lib\libatomthreads-avr.a(Tracer.o)
 .bss           0x00800b5c        0x0 F:\Avr\AtomTrace\atomthreads-avr\lib\libatomthreads-avr.a(SerialManager.o)
 .bss           0x00800b5c        0x0 F:\Avr\AtomTrace\atomthreads-avr\lib\libatomthreads-avr.a(atomport-asm.o)
 .bss           0x00800b5c        0x0 c:/winavr-20100110/bin/../lib/gcc/avr/4.3.3/avr6\libgcc.a(_mulsi3.o)
 .bss           0x00800b5c        0x0 c:/winavr-20100110/bin/../lib/gcc/avr/4.3.3/avr6\libgcc.a(_udivmodqi4.o)
 .bss           0x00800b5c        0x0 c:/winavr-20100110/bin/../lib/gcc/avr/4.3.3/avr6\libgcc.a(_divmodhi4.o)
 .bss           0x00800b5c        0x0 c:/winavr-20100110/bin/../lib/gcc/avr/4.3.3/avr6\libgcc.a(_udivmodsi4.o)
 .bss           0x00800b5c        0x0 c:/winavr-20100110/bin/../lib/gcc/avr/4.3.3/avr6\libgcc.a(_exit.o)
 .bss           0x00800b5c        0x0 c:/winavr-20100110/bin/../lib/gcc/avr/4.3.3/avr6\libgcc.a(_clear_bss.o)
 .bss           0x00800b5c        0x0 c:/winavr-20100110/bin/../lib/gcc/avr/4.3.3/avr6\libgcc.a(_udivmodhi4.o)
 .bss           0x00800b5c        0x0 c:/winavr-20100110/bin/../lib/gcc/avr/4.3.3/../../../../avr/lib/avr6\libc.a(itoa.o)
 .bss           0x00800b5c        0x0 c:/winavr-20100110/bin/../lib/gcc/avr/4.3.3/../../../../avr/lib/avr6\libc.a(ltoa.o)
 .bss           0x00800b5c        0x0 c:/winavr-20100110/bin/../lib/gcc/avr/4.3.3/../../../../avr/lib/avr6\libc.a(ultoa.o)
 .bss           0x00800b5c        0x0 c:/winavr-20100110/bin/../lib/gcc/avr/4.3.3/../../../../avr/lib/avr6\libc.a(iob.o)
 .bss           0x00800b5c        0x0 c:/winavr-20100110/bin/../lib/gcc/avr/4.3.3/../../../../avr/lib/avr6\libc.a(strrev.o)
 *(.bss*)
 *(COMMON)
 COMMON         0x00800b5c     0x1582 startup_os.o
                0x00800b5c                EventNumbers
                0x00800b5e                EventIndex
                0x00800b60                EventBuffer
                0x008020dc                ResumedTask
 COMMON         0x008020de        0xa main_thread.o
                0x008020de                clock_mutex
                0x008020e3                lcd_mutex
 COMMON         0x008020e8       0x28 F:\Avr\AtomTrace\atomthreads-avr\lib\libatomthreads-avr.a(atomkernel.o)
                0x008020e8                TaskBuffer
 COMMON         0x00802110        0x4 F:\Avr\AtomTrace\atomthreads-avr\lib\libatomthreads-avr.a(Tracer.o)
                0x00802110                OldTask
                0x00802112                NewTask
 COMMON         0x00802114        0x6 c:/winavr-20100110/bin/../lib/gcc/avr/4.3.3/../../../../avr/lib/avr6\libc.a(iob.o)
                0x00802114                __iob
                0x0080211a                PROVIDE (__bss_end, .)
                0x00001f9e                __data_load_start = LOADADDR (.data)
                0x00002322                __data_load_end = (__data_load_start + SIZEOF (.data))

.noinit         0x0080211a        0x0
                0x0080211a                PROVIDE (__noinit_start, .)
 *(.noinit*)
                0x0080211a                PROVIDE (__noinit_end, .)
                0x0080211a                _end = .
                0x0080211a                PROVIDE (__heap_start, .)

.eeprom         0x00810000        0x0
 *(.eeprom*)
                0x00810000                __eeprom_end = .

.fuse
 *(.fuse)
 *(.lfuse)
 *(.hfuse)
 *(.efuse)

.lock
 *(.lock*)

.signature
 *(.signature*)

.stab
 *(.stab)

.stabstr
 *(.stabstr)

.stab.excl
 *(.stab.excl)

.stab.exclstr
 *(.stab.exclstr)

.stab.index
 *(.stab.index)

.stab.indexstr
 *(.stab.indexstr)

.comment
 *(.comment)

.debug
 *(.debug)

.line
 *(.line)

.debug_srcinfo
 *(.debug_srcinfo)

.debug_sfnames
 *(.debug_sfnames)

.debug_aranges  0x00000000      0x220
 *(.debug_aranges)
 .debug_aranges
                0x00000000       0x20 startup_os.o
 .debug_aranges
                0x00000020       0x20 uart.o
 .debug_aranges
                0x00000040       0x20 main_thread.o
 .debug_aranges
                0x00000060       0x20 clock_disp.o
 .debug_aranges
                0x00000080       0x20 graphics_thread.o
 .debug_aranges
                0x000000a0       0x20 st7565r.o
 .debug_aranges
                0x000000c0       0x20 clock_update.o
 .debug_aranges
                0x000000e0       0x20 button.o
 .debug_aranges
                0x00000100       0x20 EventSender.o
 .debug_aranges
                0x00000120       0x20 F:\Avr\AtomTrace\atomthreads-avr\lib\libatomthreads-avr.a(atomport.o)
 .debug_aranges
                0x00000140       0x20 F:\Avr\AtomTrace\atomthreads-avr\lib\libatomthreads-avr.a(StopWatch.o)
 .debug_aranges
                0x00000160       0x20 F:\Avr\AtomTrace\atomthreads-avr\lib\libatomthreads-avr.a(SerialPort.o)
 .debug_aranges
                0x00000180       0x20 F:\Avr\AtomTrace\atomthreads-avr\lib\libatomthreads-avr.a(atomkernel.o)
 .debug_aranges
                0x000001a0       0x20 F:\Avr\AtomTrace\atomthreads-avr\lib\libatomthreads-avr.a(atommutex.o)
 .debug_aranges
                0x000001c0       0x20 F:\Avr\AtomTrace\atomthreads-avr\lib\libatomthreads-avr.a(atomtimer.o)
 .debug_aranges
                0x000001e0       0x20 F:\Avr\AtomTrace\atomthreads-avr\lib\libatomthreads-avr.a(Tracer.o)
 .debug_aranges
                0x00000200       0x20 F:\Avr\AtomTrace\atomthreads-avr\lib\libatomthreads-avr.a(SerialManager.o)

.debug_pubnames
                0x00000000      0x95a
 *(.debug_pubnames)
 .debug_pubnames
                0x00000000       0x6a startup_os.o
 .debug_pubnames
                0x0000006a       0x31 uart.o
 .debug_pubnames
                0x0000009b       0xb3 main_thread.o
 .debug_pubnames
                0x0000014e       0x75 clock_disp.o
 .debug_pubnames
                0x000001c3       0x7a graphics_thread.o
 .debug_pubnames
                0x0000023d       0xb9 st7565r.o
 .debug_pubnames
                0x000002f6       0x77 clock_update.o
 .debug_pubnames
                0x0000036d       0xbd button.o
 .debug_pubnames
                0x0000042a       0x89 EventSender.o
 .debug_pubnames
                0x000004b3       0x6c F:\Avr\AtomTrace\atomthreads-avr\lib\libatomthreads-avr.a(atomport.o)
 .debug_pubnames
                0x0000051f       0x3c F:\Avr\AtomTrace\atomthreads-avr\lib\libatomthreads-avr.a(StopWatch.o)
 .debug_pubnames
                0x0000055b       0x34 F:\Avr\AtomTrace\atomthreads-avr\lib\libatomthreads-avr.a(SerialPort.o)
 .debug_pubnames
                0x0000058f      0x150 F:\Avr\AtomTrace\atomthreads-avr\lib\libatomthreads-avr.a(atomkernel.o)
 .debug_pubnames
                0x000006df       0xab F:\Avr\AtomTrace\atomthreads-avr\lib\libatomthreads-avr.a(atommutex.o)
 .debug_pubnames
                0x0000078a       0x81 F:\Avr\AtomTrace\atomthreads-avr\lib\libatomthreads-avr.a(atomtimer.o)
 .debug_pubnames
                0x0000080b      0x11f F:\Avr\AtomTrace\atomthreads-avr\lib\libatomthreads-avr.a(Tracer.o)
 .debug_pubnames
                0x0000092a       0x30 F:\Avr\AtomTrace\atomthreads-avr\lib\libatomthreads-avr.a(SerialManager.o)

.debug_info     0x00000000     0x4219
 *(.debug_info)
 .debug_info    0x00000000      0x384 startup_os.o
 .debug_info    0x00000384      0x333 uart.o
 .debug_info    0x000006b7      0x58c main_thread.o
 .debug_info    0x00000c43      0x3d3 clock_disp.o
 .debug_info    0x00001016      0x39d graphics_thread.o
 .debug_info    0x000013b3      0x507 st7565r.o
 .debug_info    0x000018ba      0x3a2 clock_update.o
 .debug_info    0x00001c5c      0x44d button.o
 .debug_info    0x000020a9      0x573 EventSender.o
 .debug_info    0x0000261c      0x281 F:\Avr\AtomTrace\atomthreads-avr\lib\libatomthreads-avr.a(atomport.o)
 .debug_info    0x0000289d       0xd5 F:\Avr\AtomTrace\atomthreads-avr\lib\libatomthreads-avr.a(StopWatch.o)
 .debug_info    0x00002972       0xaa F:\Avr\AtomTrace\atomthreads-avr\lib\libatomthreads-avr.a(SerialPort.o)
 .debug_info    0x00002a1c      0x73c F:\Avr\AtomTrace\atomthreads-avr\lib\libatomthreads-avr.a(atomkernel.o)
 .debug_info    0x00003158      0x57c F:\Avr\AtomTrace\atomthreads-avr\lib\libatomthreads-avr.a(atommutex.o)
 .debug_info    0x000036d4      0x43d F:\Avr\AtomTrace\atomthreads-avr\lib\libatomthreads-avr.a(atomtimer.o)
 .debug_info    0x00003b11      0x523 F:\Avr\AtomTrace\atomthreads-avr\lib\libatomthreads-avr.a(Tracer.o)
 .debug_info    0x00004034      0x1e5 F:\Avr\AtomTrace\atomthreads-avr\lib\libatomthreads-avr.a(SerialManager.o)
 *(.gnu.linkonce.wi.*)

.debug_abbrev   0x00000000     0x145c
 *(.debug_abbrev)
 .debug_abbrev  0x00000000      0x102 startup_os.o
 .debug_abbrev  0x00000102      0x10b uart.o
 .debug_abbrev  0x0000020d      0x15d main_thread.o
 .debug_abbrev  0x0000036a      0x127 clock_disp.o
 .debug_abbrev  0x00000491      0x113 graphics_thread.o
 .debug_abbrev  0x000005a4      0x1fb st7565r.o
 .debug_abbrev  0x0000079f      0x104 clock_update.o
 .debug_abbrev  0x000008a3      0x166 button.o
 .debug_abbrev  0x00000a09      0x189 EventSender.o
 .debug_abbrev  0x00000b92       0xf9 F:\Avr\AtomTrace\atomthreads-avr\lib\libatomthreads-avr.a(atomport.o)
 .debug_abbrev  0x00000c8b       0xa1 F:\Avr\AtomTrace\atomthreads-avr\lib\libatomthreads-avr.a(StopWatch.o)
 .debug_abbrev  0x00000d2c       0x65 F:\Avr\AtomTrace\atomthreads-avr\lib\libatomthreads-avr.a(SerialPort.o)
 .debug_abbrev  0x00000d91      0x1cb F:\Avr\AtomTrace\atomthreads-avr\lib\libatomthreads-avr.a(atomkernel.o)
 .debug_abbrev  0x00000f5c      0x167 F:\Avr\AtomTrace\atomthreads-avr\lib\libatomthreads-avr.a(atommutex.o)
 .debug_abbrev  0x000010c3      0x1b3 F:\Avr\AtomTrace\atomthreads-avr\lib\libatomthreads-avr.a(atomtimer.o)
 .debug_abbrev  0x00001276      0x108 F:\Avr\AtomTrace\atomthreads-avr\lib\libatomthreads-avr.a(Tracer.o)
 .debug_abbrev  0x0000137e       0xde F:\Avr\AtomTrace\atomthreads-avr\lib\libatomthreads-avr.a(SerialManager.o)

.debug_line     0x00000000     0x266c
 *(.debug_line)
 .debug_line    0x00000000      0x15d startup_os.o
 .debug_line    0x0000015d      0x15f uart.o
 .debug_line    0x000002bc      0x190 main_thread.o
 .debug_line    0x0000044c      0x1b6 clock_disp.o
 .debug_line    0x00000602      0x183 graphics_thread.o
 .debug_line    0x00000785      0x597 st7565r.o
 .debug_line    0x00000d1c      0x180 clock_update.o
 .debug_line    0x00000e9c      0x282 button.o
 .debug_line    0x0000111e      0x231 EventSender.o
 .debug_line    0x0000134f      0x210 F:\Avr\AtomTrace\atomthreads-avr\lib\libatomthreads-avr.a(atomport.o)
 .debug_line    0x0000155f       0xe6 F:\Avr\AtomTrace\atomthreads-avr\lib\libatomthreads-avr.a(StopWatch.o)
 .debug_line    0x00001645       0x9e F:\Avr\AtomTrace\atomthreads-avr\lib\libatomthreads-avr.a(SerialPort.o)
 .debug_line    0x000016e3      0x4a0 F:\Avr\AtomTrace\atomthreads-avr\lib\libatomthreads-avr.a(atomkernel.o)
 .debug_line    0x00001b83      0x3e0 F:\Avr\AtomTrace\atomthreads-avr\lib\libatomthreads-avr.a(atommutex.o)
 .debug_line    0x00001f63      0x2ab F:\Avr\AtomTrace\atomthreads-avr\lib\libatomthreads-avr.a(atomtimer.o)
 .debug_line    0x0000220e      0x27c F:\Avr\AtomTrace\atomthreads-avr\lib\libatomthreads-avr.a(Tracer.o)
 .debug_line    0x0000248a      0x1e2 F:\Avr\AtomTrace\atomthreads-avr\lib\libatomthreads-avr.a(SerialManager.o)

.debug_frame    0x00000000      0x5b0
 *(.debug_frame)
 .debug_frame   0x00000000       0x20 startup_os.o
 .debug_frame   0x00000020       0x30 uart.o
 .debug_frame   0x00000050       0x20 main_thread.o
 .debug_frame   0x00000070       0x20 clock_disp.o
 .debug_frame   0x00000090       0x20 graphics_thread.o
 .debug_frame   0x000000b0       0xc0 st7565r.o
 .debug_frame   0x00000170       0x20 clock_update.o
 .debug_frame   0x00000190       0x70 button.o
 .debug_frame   0x00000200       0x40 EventSender.o
 .debug_frame   0x00000240       0x60 F:\Avr\AtomTrace\atomthreads-avr\lib\libatomthreads-avr.a(atomport.o)
 .debug_frame   0x000002a0       0x40 F:\Avr\AtomTrace\atomthreads-avr\lib\libatomthreads-avr.a(StopWatch.o)
 .debug_frame   0x000002e0       0x30 F:\Avr\AtomTrace\atomthreads-avr\lib\libatomthreads-avr.a(SerialPort.o)
 .debug_frame   0x00000310       0xe0 F:\Avr\AtomTrace\atomthreads-avr\lib\libatomthreads-avr.a(atomkernel.o)
 .debug_frame   0x000003f0       0x60 F:\Avr\AtomTrace\atomthreads-avr\lib\libatomthreads-avr.a(atommutex.o)
 .debug_frame   0x00000450       0x80 F:\Avr\AtomTrace\atomthreads-avr\lib\libatomthreads-avr.a(atomtimer.o)
 .debug_frame   0x000004d0       0xb0 F:\Avr\AtomTrace\atomthreads-avr\lib\libatomthreads-avr.a(Tracer.o)
 .debug_frame   0x00000580       0x30 F:\Avr\AtomTrace\atomthreads-avr\lib\libatomthreads-avr.a(SerialManager.o)

.debug_str      0x00000000      0xbc6
 *(.debug_str)
 .debug_str     0x00000000      0x2b7 startup_os.o
                                0x304 (size before relaxing)
 .debug_str     0x000002b7       0x77 uart.o
                                0x201 (size before relaxing)
 .debug_str     0x0000032e       0xf0 main_thread.o
                                0x3fd (size before relaxing)
 .debug_str     0x0000041e       0x26 clock_disp.o
                                0x330 (size before relaxing)
 .debug_str     0x00000444       0x2a graphics_thread.o
                                0x315 (size before relaxing)
 .debug_str     0x0000046e      0x141 st7565r.o
                                0x1f4 (size before relaxing)
 .debug_str     0x000005af       0x24 clock_update.o
                                0x324 (size before relaxing)
 .debug_str     0x000005d3       0x65 button.o
                                0x331 (size before relaxing)
 .debug_str     0x00000638       0x65 EventSender.o
                                0x32a (size before relaxing)
 .debug_str     0x0000069d       0xa9 F:\Avr\AtomTrace\atomthreads-avr\lib\libatomthreads-avr.a(atomport.o)
                                0x1fc (size before relaxing)
 .debug_str     0x00000746       0x3f F:\Avr\AtomTrace\atomthreads-avr\lib\libatomthreads-avr.a(StopWatch.o)
                                 0xe5 (size before relaxing)
 .debug_str     0x00000785       0x2c F:\Avr\AtomTrace\atomthreads-avr\lib\libatomthreads-avr.a(SerialPort.o)
                                 0xce (size before relaxing)
 .debug_str     0x000007b1      0x1a4 F:\Avr\AtomTrace\atomthreads-avr\lib\libatomthreads-avr.a(atomkernel.o)
                                0x4a9 (size before relaxing)
 .debug_str     0x00000955       0xca F:\Avr\AtomTrace\atomthreads-avr\lib\libatomthreads-avr.a(atommutex.o)
                                0x3d7 (size before relaxing)
 .debug_str     0x00000a1f       0xde F:\Avr\AtomTrace\atomthreads-avr\lib\libatomthreads-avr.a(atomtimer.o)
                                0x2c7 (size before relaxing)
 .debug_str     0x00000afd       0x5b F:\Avr\AtomTrace\atomthreads-avr\lib\libatomthreads-avr.a(Tracer.o)
                                0x382 (size before relaxing)
 .debug_str     0x00000b58       0x6e F:\Avr\AtomTrace\atomthreads-avr\lib\libatomthreads-avr.a(SerialManager.o)
                                 0xd9 (size before relaxing)

.debug_loc      0x00000000     0x1828
 *(.debug_loc)
 .debug_loc     0x00000000       0xa2 uart.o
 .debug_loc     0x000000a2       0x1e main_thread.o
 .debug_loc     0x000000c0       0x1e clock_disp.o
 .debug_loc     0x000000de       0x1e graphics_thread.o
 .debug_loc     0x000000fc      0x367 st7565r.o
 .debug_loc     0x00000463       0x1e clock_update.o
 .debug_loc     0x00000481       0x44 button.o
 .debug_loc     0x000004c5       0x18 EventSender.o
 .debug_loc     0x000004dd       0x88 F:\Avr\AtomTrace\atomthreads-avr\lib\libatomthreads-avr.a(atomport.o)
 .debug_loc     0x00000565       0x18 F:\Avr\AtomTrace\atomthreads-avr\lib\libatomthreads-avr.a(StopWatch.o)
 .debug_loc     0x0000057d       0x36 F:\Avr\AtomTrace\atomthreads-avr\lib\libatomthreads-avr.a(SerialPort.o)
 .debug_loc     0x000005b3      0x6b6 F:\Avr\AtomTrace\atomthreads-avr\lib\libatomthreads-avr.a(atomkernel.o)
 .debug_loc     0x00000c69      0x3ab F:\Avr\AtomTrace\atomthreads-avr\lib\libatomthreads-avr.a(atommutex.o)
 .debug_loc     0x00001014      0x2d3 F:\Avr\AtomTrace\atomthreads-avr\lib\libatomthreads-avr.a(atomtimer.o)
 .debug_loc     0x000012e7      0x339 F:\Avr\AtomTrace\atomthreads-avr\lib\libatomthreads-avr.a(Tracer.o)
 .debug_loc     0x00001620      0x208 F:\Avr\AtomTrace\atomthreads-avr\lib\libatomthreads-avr.a(SerialManager.o)

.debug_macinfo
 *(.debug_macinfo)
OUTPUT(atomclock.elf elf32-avr)
LOAD linker stubs

.debug_ranges   0x00000000       0x60
 .debug_ranges  0x00000000       0x48 EventSender.o
 .debug_ranges  0x00000048       0x18 F:\Avr\AtomTrace\atomthreads-avr\lib\libatomthreads-avr.a(SerialManager.o)
